[cash.app/index.html]
[backblue.gif]
[fade.gif]
[index.html]
[cash-f.squarecdn.com/static/apple-touch-icon.png]
[cash-f.squarecdn.com/web/marketing/78d2b12e5b8e7b77a80b26eb09fa8f4acaf8bc01/_next/static/css/e25ffac1c4f5d9ef.css]
[cash-f.squarecdn.com/web/marketing/78d2b12e5b8e7b77a80b26eb09fa8f4acaf8bc01/_next/static/css/24ea86a0d567bc7b.css]
[cash-f.squarecdn.com/web/marketing/78d2b12e5b8e7b77a80b26eb09fa8f4acaf8bc01/_next/static/css/81a15c235fb6aefb.css]
[cash-f.squarecdn.com/web/marketing/78d2b12e5b8e7b77a80b26eb09fa8f4acaf8bc01/_next/static/chunks/polyfills-42372ed130431b0a.js]
[cash-f.squarecdn.com/web/marketing/78d2b12e5b8e7b77a80b26eb09fa8f4acaf8bc01/_next/static/chunks/webpack-7eac7b3784499986.js]
[cash-f.squarecdn.com/web/marketing/78d2b12e5b8e7b77a80b26eb09fa8f4acaf8bc01/_next/static/chunks/framework-7275483d0887314b.js]
[cash-f.squarecdn.com/web/marketing/78d2b12e5b8e7b77a80b26eb09fa8f4acaf8bc01/_next/static/chunks/main-081497b2d63455dd.js]
[cash-f.squarecdn.com/web/marketing/78d2b12e5b8e7b77a80b26eb09fa8f4acaf8bc01/_next/static/chunks/pages/_app-264aa015caf20b2c.js]
[cash-f.squarecdn.com/web/marketing/78d2b12e5b8e7b77a80b26eb09fa8f4acaf8bc01/_next/static/chunks/7090-9b7c34a831bc7bd3.js]
[cash-f.squarecdn.com/web/marketing/78d2b12e5b8e7b77a80b26eb09fa8f4acaf8bc01/_next/static/chunks/5437-d98e7c8f77ef4e26.js]
[cash-f.squarecdn.com/web/marketing/78d2b12e5b8e7b77a80b26eb09fa8f4acaf8bc01/_next/static/chunks/8137-6a561f6f82f206cd.js]
[cash-f.squarecdn.com/web/marketing/78d2b12e5b8e7b77a80b26eb09fa8f4acaf8bc01/_next/static/chunks/1079-ea686cbb109de761.js]
[cash-f.squarecdn.com/web/marketing/78d2b12e5b8e7b77a80b26eb09fa8f4acaf8bc01/_next/static/chunks/2081-5fd4a15ed7b966b5.js]
[cash-f.squarecdn.com/web/marketing/78d2b12e5b8e7b77a80b26eb09fa8f4acaf8bc01/_next/static/chunks/pages/home-br25-baaa8ecd4ac08ebb.js]
[cash-f.squarecdn.com/web/marketing/78d2b12e5b8e7b77a80b26eb09fa8f4acaf8bc01/_next/static/78d2b12e5b8e7b77a80b26eb09fa8f4acaf8bc01/_buildManifest.js]
[cash-f.squarecdn.com/web/marketing/78d2b12e5b8e7b77a80b26eb09fa8f4acaf8bc01/_next/static/78d2b12e5b8e7b77a80b26eb09fa8f4acaf8bc01/_ssgManifest.js]
[cash.app/bank.html]
[cash.app/card.html]
[cash.app/send.html]
[cash.app/savings.html]
[cash.app/security.html]
[cash.app/bank/direct-deposit.html]
[cash.app/spend.html]
[cash.app/bitcoin.html]
[cash.app/stocks.html]
[cash.app/taxes.html]
[cash.app/families.html]
[cash.app/press.html]
[cash.app/outsmart-scams.html]
[cash.app/bank/no-fees.html]
[cash.app/reviews.html]
[cash.app/support.html]
[cash.app/qr/click/xqwanmp9463d.png]
[cash.app/qr/click/9ng4cobm463d.png]
[images.ctfassets.net/jwea2w833xe7/3fTS1sGDefHYxhSW10zYYZ/2e1ea40e73d48d0828ef597a9fedb708/Bitcoin_Scams1.png]
[cash.app/legal/us/en-us/tos.html]
[cash.app/legal/us/en-us/privacy.html]
[cash.app/help.html]
[cash.app/help/31081-save-at-the-atm.html]
[cash.app/legal/us/en-us/bitcoin-disclosures.html]
[cash.app/legal/us/en-us/disclosures-in-app.html]
[cash.app/legal/us/en-us/cash-investing-account-agreement.html]
[cash.app/index.html]
[cash-f.squarecdn.com/web/marketing/78d2b12e5b8e7b77a80b26eb09fa8f4acaf8bc01/_next/static/css/e25ffac1c4f5d9ef.css]
[cash-f.squarecdn.com/web/marketing/78d2b12e5b8e7b77a80b26eb09fa8f4acaf8bc01/_next/static/css/24ea86a0d567bc7b.css]
[cash-f.squarecdn.com/web/marketing/78d2b12e5b8e7b77a80b26eb09fa8f4acaf8bc01/_next/static/css/81a15c235fb6aefb.css]
[cash.app/legal/us/en-us/cash-investing-house-rules.html]
[cash-f.squarecdn.com/web/marketing/78d2b12e5b8e7b77a80b26eb09fa8f4acaf8bc01/_next/static/css/0f8ffdd1351a4cc1.css]
[cash-f.squarecdn.com/web/marketing/78d2b12e5b8e7b77a80b26eb09fa8f4acaf8bc01/_next/static/chunks/2410-1df164acb0989d3c.js]
[cash-f.squarecdn.com/web/marketing/78d2b12e5b8e7b77a80b26eb09fa8f4acaf8bc01/_next/static/chunks/pages/banking-2022-0d71126b04999786.js]
[images.ctfassets.net/jwea2w833xe7/3feaNJPJ2ATWX4YfROAzHT/b738fc23ded3d2135d5196c5d49280b2/Banking_cashcard.png]
[images.ctfassets.net/jwea2w833xe7/5vF3hEiSw5WzE56BxJTesT/20d22230be1640cc7516a1fb8113f1ee/Banking_directdeposit.png]
[images.ctfassets.net/jwea2w833xe7/1IpAIv6LjNtBzfqRi8YtJ0/f98011deb667e6b354469e8d5426c32e/Banking_savings.png]
[images.ctfassets.net/jwea2w833xe7/5Q8W3EZLByh4fDW51FpXbp/0a67f077956b9c2f8332187dbb322078/asset_container.png]
[cash.app/qr/click/banking2022463d.png]
[images.ctfassets.net/jwea2w833xe7/7uk7Y0B4iR728jWMJA6CJK/10ab609afd4807ff61b5a4ce3797d90a/all-in-one-bg.png]
[images.ctfassets.net/jwea2w833xe7/6FDTTnJHtWAugH1HmTFkOD/eff57e6ef4e9891daaf97ed12262ea38/all-in-one-fg.png]
[images.ctfassets.net/jwea2w833xe7/4xtqxJciU8ReovnDMN7tvK/e6e6a2f65024ea50ed0f9d8bc533861d/security-bg.png]
[images.ctfassets.net/jwea2w833xe7/6cotF7762rK31y3dP8b4VD/06031b425b96fad21d176f17c5d430f0/support-fg.png]
[images.ctfassets.net/jwea2w833xe7/1Fpbs3TVzZHUUv8mMvwM7m/b0a56a38cd56f296728dcc754d2bef0f/support-bg.png]
[images.ctfassets.net/jwea2w833xe7/4CtC0pZ3q8G1Tmd67YnJaH/977755b9f996e0a3b0068bb45a5f4c34/support-fg.png]
[cash.app/qr/click/95l72dwq463d.png]
[cash.app/bank.html]
[cash-f.squarecdn.com/web/marketing/78d2b12e5b8e7b77a80b26eb09fa8f4acaf8bc01/_next/static/chunks/pages/card-b942ae85b78907e5.js]
[cash.app/qr/click/cardpagedownload463d.png]
[images.ctfassets.net/jwea2w833xe7/7DfzO4Cn43sQHqE08UCUoh/bd2ef6a47ac09b93bfee75705f776fcf/cardbenefits-1.png]
[images.ctfassets.net/jwea2w833xe7/1VU3FJHxM3Z26jqL9MDJtm/35e5d844ef99d91bc4954f251be37cf1/card_grid_2.png]
[images.ctfassets.net/jwea2w833xe7/2rc7lncyGHDWK4vgl4rKT4/3eff17243bca2611bfd620374c320770/cardbenefits-2.png]
[cash.app/qr/click/TKTKTK463d.png]
[cash.app/qr/click/2ms9bp1m463d.png]
[cash.app/card.html]
[cash-f.squarecdn.com/web/marketing/78d2b12e5b8e7b77a80b26eb09fa8f4acaf8bc01/_next/static/chunks/pages/send-2022-dc4260e2f080d09a.js]
[cash.app/legal/us/en-us/card-agreement.html]
[images.ctfassets.net/jwea2w833xe7/5blDAm36n78D6T8ogQQDNv/0f8309a7dcce65b453795464f305461c/value-prop-1.png]
[cash.app/qr/click/send2022463d.png]
[cash.app/send.html]
[cash-f.squarecdn.com/web/marketing/78d2b12e5b8e7b77a80b26eb09fa8f4acaf8bc01/_next/static/chunks/pages/savings-cc07f9150c1dc427.js]
[cash.app/qr/click/savingsGTM463d.png]
[images.ctfassets.net/jwea2w833xe7/2CBtk6oHMDLmq4wE191LJU/41ff19403fde54650a607c3e96ecb1d1/O4_ValueProp_Comp.png]
[images.ctfassets.net/jwea2w833xe7/7btwXCm4TjUYMuQwCJKtIn/06bfc0cb5bf49d4677261a31ce2e4891/O3_ValueProp_Comp.png]
[cash.app/qr/click/pc3xllrl463d.png]
[cash.app/savings.html]
[cash-f.squarecdn.com/web/marketing/78d2b12e5b8e7b77a80b26eb09fa8f4acaf8bc01/_next/static/chunks/pages/security-2023-9428043b599fbaac.js]
[cash.app/qr/click/security2023463d.png]
[images.ctfassets.net/jwea2w833xe7/T6QeZS8s3JGkUBDElOGwf/bf01262e73eb8165f8adae1e67aa1de6/fight_fraud.png]
[images.ctfassets.net/jwea2w833xe7/74RBkOH0WKQzYARzgQiNeQ/b5df8352ccab57acea72ad2386c436a6/notif.png]
[images.ctfassets.net/jwea2w833xe7/7viWm0I1ZG3QJxkhf9nIdf/f0622e806d7efeb32120ffeb922cdea3/privacy-private.png]
[images.ctfassets.net/jwea2w833xe7/7BoRGwkqpWJjSzTXKlDpvl/4d4231b0cabb0b9cb9a780605e94f9db/verify.png]
[images.ctfassets.net/jwea2w833xe7/5Z3faxcVMiXnKqgo2kEO2L/50ac7fcf45ff39e0765b22106ea3a0e1/clock.png]
[images.ctfassets.net/jwea2w833xe7/6zZwIysfuIdnMlvOeqC2hI/e154fc09c18dd0381b1883d53d9cffda/chat.png]
[images.ctfassets.net/jwea2w833xe7/6w5bbrT2hsQ8TP0DAQKSYE/d15b248480090b1356335594d84ee05c/question.png]
[cash.app/qr/click/woqjewr9463d.png]
[cash.app/help/us/en-us/5134-understanding-investing-account.html]
[cash.app/security.html]
[cash.app/help/us/en-us/6500-cash-app-and-fdic.html]
[cash-f.squarecdn.com/web/marketing/78d2b12e5b8e7b77a80b26eb09fa8f4acaf8bc01/_next/static/chunks/pages/bank/[slug]-009ce2910ea30e12.js]
[cash.app/qr/click/mtwz709p463d.png]
[images.ctfassets.net/jwea2w833xe7/5DI7s9R2GKR2OMOic2Joee/41dc67c3c9e7eaf292274c35fb9d3e43/INSTANTLY.png]
[images.ctfassets.net/jwea2w833xe7/uALt3bneGTYP3xwCP7GIP/9351b6fcafaa67e70f7d7e8318a65f70/CONTROL.png]
[images.ctfassets.net/jwea2w833xe7/Gd0fo2UaBuOqXUjPQRBP8/5af1b7f0ae8ec6f05df76ce7ea2be58b/NEVER_PAY_FEE.png]
[images.ctfassets.net/jwea2w833xe7/2dIR0WPlR2rx2E5IupcI1J/d62dd5c15a1f3548cbbb706d4c039f48/MONEY_SAFE.png]
[images.ctfassets.net/jwea2w833xe7/5aH93dVAy9nq5x4XDY0S6O/bf6eabda7093b4aa366d4f863cd577a2/IMAGE__24_.png]
[images.ctfassets.net/jwea2w833xe7/3mp84kuTFxq8r1Yk7n2k4s/efd99e9e2bdc9472d93029485a4530e8/coins.png]
[cash.app/bank/direct-deposit.html]
[cash.app/qr/click/w4p32mh5463d.png]
[cash-f.squarecdn.com/web/marketing/78d2b12e5b8e7b77a80b26eb09fa8f4acaf8bc01/_next/static/chunks/pages/spend-2022-07b99797d70d6bfb.js]
[images.ctfassets.net/jwea2w833xe7/1I9JRa66QH9Wi2SBd7UNJW/47062b2e93b0fef8f0632b72bbdc76dd/value-prop-1.png]
[images.ctfassets.net/jwea2w833xe7/4Cygtmtlxdxn6zCUJY4Uo6/dfe959d15eb8085e51197389adcc913b/large-image-1.png]
[images.ctfassets.net/jwea2w833xe7/4C9gsOw6fidReZRtUPHC6i/259f8a91a8d41a809857893f82547e88/value-prop-2_copy_720.png]
[cash.app/qr/click/spend2022463d.png]
[cash.app/spend.html]
[cash-f.squarecdn.com/web/marketing/78d2b12e5b8e7b77a80b26eb09fa8f4acaf8bc01/_next/static/chunks/pages/bitcoin-2022-a42399455d177a80.js]
[cash.app/bitcoin.html]
[cash.app/qr/click/bitcoin2022463d.png]
[cash-f.squarecdn.com/web/marketing/78d2b12e5b8e7b77a80b26eb09fa8f4acaf8bc01/_next/static/chunks/pages/stocks-2022-c0526c514ea2fd18.js]
[images.ctfassets.net/jwea2w833xe7/1DkDtv59RZB9SWDIKcgYYM/e2e1706d64f8df493e67b93bcde69938/_value-prop-1.png]
[cash.app/qr/click/stocks2022463d.png]
[cash.app/stocks.html]
[cash.app/taxes.html]
[cash.app/families.html]
[cash.app/press.html]
[cash.app/outsmart-scams.html]
[cash.app/bank/no-fees.html]
[cash.app/reviews.html]
[cash.app/support.html]
[cash.app/legal/us/en-us/tos.html]
[cash.app/legal/us/en-us/privacy.html]
[cash.app/help.html]
[cash.app/help/31081-save-at-the-atm.html]
[cash.app/legal/us/en-us/bitcoin-disclosures.html]
[cash.app/legal/us/en-us/disclosures-in-app.html]
[cash.app/legal/us/en-us/cash-investing-account-agreement.html]
[cash.app/legal/us/en-us/cash-investing-house-rules.html]
[cash-f.squarecdn.com/web/marketing/78d2b12e5b8e7b77a80b26eb09fa8f4acaf8bc01/_next/static/css/0f8ffdd1351a4cc1.css]
[cash.app/legal/us/en-us/card-agreement.html]
[cash.app/help/us/en-us/5134-understanding-investing-account.html]
[cash.app/help/us/en-us/6500-cash-app-and-fdic.html]
[cash-f.squarecdn.com/web/marketing/78d2b12e5b8e7b77a80b26eb09fa8f4acaf8bc01/_next/static/chunks/4501-3edf670885ece41e.html]
