[cash.app/index.html]
[backblue.gif]
[fade.gif]
[index.html]
[cash-f.squarecdn.com/static/fonts/cashsans/woff2/CashSansWide-Semibold.woff2]
[cash-f.squarecdn.com/static/fonts/cashsans/woff2/CashSans-Regular.woff2]
[cash-f.squarecdn.com/static/fonts/cashsans/woff2/CashSans-Medium.woff2]
[cash-f.squarecdn.com/static/fonts/cashsans/woff2/CashSans-Semibold.woff2]
[cash-f.squarecdn.com/static/fonts/cashsans/woff2/CashSans-Bold.woff2]
[cash-f.squarecdn.com/static/fonts/cashsans/woff2/CashSans-Black.woff2]
[cash-f.squarecdn.com/static/fonts/cashsans/woff2/CashSansWide-Black.woff2]
[cash-f.squarecdn.com/static/manifest.webmanifest]
[cash-f.squarecdn.com/static/apple-touch-icon.png]
[cash-f.squarecdn.com/static/favicon.ico]
[cash-f.squarecdn.com/static/favicon.svg]
[cash-f.squarecdn.com/web/marketing/78d2b12e5b8e7b77a80b26eb09fa8f4acaf8bc01/_next/static/chunks/polyfills-42372ed130431b0a.js]
[cash.app/index.html]
[cash-f.squarecdn.com/web/marketing/78d2b12e5b8e7b77a80b26eb09fa8f4acaf8bc01/_next/static/chunks/webpack-7eac7b3784499986.js]
[cash-f.squarecdn.com/static/favicon.svg]
[cash-f.squarecdn.com/web/marketing/78d2b12e5b8e7b77a80b26eb09fa8f4acaf8bc01/_next/static/chunks/framework-7275483d0887314b.js]
[cash-f.squarecdn.com/web/marketing/78d2b12e5b8e7b77a80b26eb09fa8f4acaf8bc01/_next/static/chunks/main-081497b2d63455dd.js]
[cash-f.squarecdn.com/web/marketing/78d2b12e5b8e7b77a80b26eb09fa8f4acaf8bc01/_next/static/css/e25ffac1c4f5d9ef.css]
[cash-f.squarecdn.com/web/marketing/78d2b12e5b8e7b77a80b26eb09fa8f4acaf8bc01/_next/static/chunks/pages/_app-264aa015caf20b2c.js]
[cash-f.squarecdn.com/web/marketing/78d2b12e5b8e7b77a80b26eb09fa8f4acaf8bc01/_next/static/chunks/7090-9b7c34a831bc7bd3.js]
[cash-f.squarecdn.com/web/marketing/78d2b12e5b8e7b77a80b26eb09fa8f4acaf8bc01/_next/static/chunks/5437-d98e7c8f77ef4e26.js]
[cash-f.squarecdn.com/web/marketing/78d2b12e5b8e7b77a80b26eb09fa8f4acaf8bc01/_next/static/css/24ea86a0d567bc7b.css]
[cash-f.squarecdn.com/web/marketing/78d2b12e5b8e7b77a80b26eb09fa8f4acaf8bc01/_next/static/chunks/8137-6a561f6f82f206cd.js]
[cash-f.squarecdn.com/web/marketing/78d2b12e5b8e7b77a80b26eb09fa8f4acaf8bc01/_next/static/chunks/1079-ea686cbb109de761.js]
[cash-f.squarecdn.com/web/marketing/78d2b12e5b8e7b77a80b26eb09fa8f4acaf8bc01/_next/static/chunks/pages/home-br25-baaa8ecd4ac08ebb.js]
[cash-f.squarecdn.com/web/marketing/78d2b12e5b8e7b77a80b26eb09fa8f4acaf8bc01/_next/static/chunks/2081-5fd4a15ed7b966b5.js]
[cash-f.squarecdn.com/web/marketing/78d2b12e5b8e7b77a80b26eb09fa8f4acaf8bc01/_next/static/78d2b12e5b8e7b77a80b26eb09fa8f4acaf8bc01/_ssgManifest.js]
[cash-f.squarecdn.com/static/fonts/cash-market/v2/CashMarket-Regular.woff2]
[cash-f.squarecdn.com/web/marketing/78d2b12e5b8e7b77a80b26eb09fa8f4acaf8bc01/_next/static/css/81a15c235fb6aefb.css]
[cash.app/card.html]
[cash.app/send.html]
[cash.app/bank.html]
[cash.app/savings.html]
[cash.app/security.html]
[cash.app/bank/direct-deposit.html]
[cash.app/bitcoin.html]
[cash.app/spend.html]
[cash.app/stocks.html]
[cash-f.squarecdn.com/web/marketing/78d2b12e5b8e7b77a80b26eb09fa8f4acaf8bc01/_next/static/78d2b12e5b8e7b77a80b26eb09fa8f4acaf8bc01/_buildManifest.js]
[cash.app/taxes.html]
[cash.app/families.html]
[cash.app/press.html]
[cash.app/outsmart-scams.html]
[cash.app/bank/no-fees.html]
[cash.app/reviews.html]
[cash.app/support.html]
[cash.app/qr/click/xqwanmp9463d.png]
[cash.app/qr/click/9ng4cobm463d.png]
[cash.app/bank.html]
[cash.app/legal/us/en-us/tos.html]
[cash.app/help.html]
[cash.app/legal/us/en-us/privacy.html]
[status.cash.app/index.html]
[cash.app/help/31081-save-at-the-atm.html]
[cash.app/legal/us/en-us/bitcoin-disclosures.html]
[cash.app/legal/us/en-us/disclosures-in-app.html]
[cash.app/legal/us/en-us/cash-investing-account-agreement.html]
[cash.app/legal/us/en-us/cash-investing-house-rules.html]
[cash.app/card.html]
[cash-f.squarecdn.com/web/marketing/78d2b12e5b8e7b77a80b26eb09fa8f4acaf8bc01/_next/static/chunks/pages/banking-2022-0d71126b04999786.js]
[cash-f.squarecdn.com/web/marketing/78d2b12e5b8e7b77a80b26eb09fa8f4acaf8bc01/_next/static/chunks/2410-1df164acb0989d3c.js]
[cash.app/qr/click/banking2022463d.png]
[cash.app/qr/click/95l72dwq463d.png]
[cash-f.squarecdn.com/web/marketing/78d2b12e5b8e7b77a80b26eb09fa8f4acaf8bc01/_next/static/chunks/pages/card-b942ae85b78907e5.js]
[cash.app/qr/click/cardpagedownload463d.png]
[cash.app/qr/click/TKTKTK463d.png]
[cash-f.squarecdn.com/web/marketing/78d2b12e5b8e7b77a80b26eb09fa8f4acaf8bc01/_next/static/chunks/pages/send-2022-dc4260e2f080d09a.js]
[cash.app/send.html]
[cash.app/qr/click/2ms9bp1m463d.png]
[cash.app/legal/us/en-us/card-agreement.html]
[cash.app/savings.html]
[cash.app/qr/click/pc3xllrl463d.png]
[cash.app/qr/click/send2022463d.png]
[cash.app/qr/click/savingsGTM463d.png]
[cash-f.squarecdn.com/web/marketing/78d2b12e5b8e7b77a80b26eb09fa8f4acaf8bc01/_next/static/chunks/pages/savings-cc07f9150c1dc427.js]
[cash.app/qr/click/security2023463d.png]
[cash-f.squarecdn.com/web/marketing/78d2b12e5b8e7b77a80b26eb09fa8f4acaf8bc01/_next/static/chunks/pages/security-2023-9428043b599fbaac.js]
[cash.app/security.html]
[cash.app/qr/click/woqjewr9463d.png]
[cash.app/help/us/en-us/6500-cash-app-and-fdic.html]
[cash.app/bank/direct-deposit.html]
[cash.app/qr/click/w4p32mh5463d.png]
[cash.app/qr/click/mtwz709p463d.png]
[cash.app/help/us/en-us/5134-understanding-investing-account.html]
[cash-f.squarecdn.com/web/marketing/78d2b12e5b8e7b77a80b26eb09fa8f4acaf8bc01/_next/static/chunks/pages/bank/[slug]-009ce2910ea30e12.js]
[cash.app/spend.html]
[cash.app/qr/click/spend2022463d.png]
[cash-f.squarecdn.com/web/marketing/78d2b12e5b8e7b77a80b26eb09fa8f4acaf8bc01/_next/static/chunks/pages/bitcoin-2022-a42399455d177a80.js]
[cash.app/bitcoin.html]
[cash.app/qr/click/bitcoin2022463d.png]
[cash-f.squarecdn.com/web/marketing/78d2b12e5b8e7b77a80b26eb09fa8f4acaf8bc01/_next/static/chunks/pages/spend-2022-07b99797d70d6bfb.js]
[cash-f.squarecdn.com/web/marketing/78d2b12e5b8e7b77a80b26eb09fa8f4acaf8bc01/_next/static/chunks/pages/stocks-2022-c0526c514ea2fd18.js]
[cash.app/stocks.html]
[cash.app/qr/click/stocks2022463d.png]
[cash-f.squarecdn.com/static/taxes/monochrome/favicon.ico]
[cash-f.squarecdn.com/static/taxes/monochrome/favicon.svg]
[cash-f.squarecdn.com/static/taxes/monochrome/favicon-dark.ico]
[cash-f.squarecdn.com/web/marketing/78d2b12e5b8e7b77a80b26eb09fa8f4acaf8bc01/_next/static/chunks/4501-3edf670885ece41e.js]
[cash-f.squarecdn.com/web/marketing/78d2b12e5b8e7b77a80b26eb09fa8f4acaf8bc01/_next/static/chunks/pages/taxes-2023-3302935fe40ddaf2.js]
[taxeshelp.cash.app/s/article/Cash-App-Taxes-Doesn-t-Support-Non-US-Logins.html]
[cash.app/qr/click/catlpeyrd1a1.png]
[taxeshelp.cash.app/s/article/About-our-Accurate-Calculations-Guarantee.html]
[taxeshelp.cash.app/s/index.html]
[cash.app/taxes.html]
[taxeshelp.cash.app/s/article/About-our-Maximum-Refund-Guarantee.html]
[cash-f.squarecdn.com/web/marketing/78d2b12e5b8e7b77a80b26eb09fa8f4acaf8bc01/_next/static/chunks/pages/families-2024-6eb60c8450601483.js]
[cash.app/qr/click/a2022463d.png]
[cash.app/qr/click/teens2023463d.png]
[cash.app/help/us/en-us/6486-authorized-users-under-18.html]
[cash.app/help/us/en-us/64866-features-limits-family-accounts.html]
[cash.app/help/us/en-us/64868-sponsor-controls-visibility.html]
[cash.app/help/us/en-us/6482-recognize-scams.html]
[cash.app/qr/click/families2023463d.png]
[cash.app/families.html]
[cash-f.squarecdn.com/web/marketing/78d2b12e5b8e7b77a80b26eb09fa8f4acaf8bc01/_next/static/chunks/pages/press-b01850fcfc60ca93.js]
[cash.app/press/shaboozey-unveils-cash-app-tortoise-card.html]
[cash.app/press/cash-app-approach-expanding-financial-access.html]
[cash.app/press/thats-money-cash-app-p2p-trend-report.html]
[cash.app/press/why-credit-cards-give-gen-z-the-ick-press-release.html]
[cash.app/press/afterpay-spring-summer-2025-trend-report.html]
[cash.app/press/square-cash-app-commit-la-rebuilding.html]
[cash.app/press/cash-app-national-brand-campaign-banking-cash-in.html]
[cash.app/press/cash-app-rolls-out-afterpay-merchants.html]
[cash.app/cdn-cgi/l/email-protection.html]
[cash.app/press/assets.html]
[cash.app/qr/click/Cashappnewsroom463d.png]
[cash.app/press.html]
[cash.app/cdn-cgi/scripts/5c5dd728/cloudflare-static/email-decode.min.js]
[cash-f.squarecdn.com/web/marketing/78d2b12e5b8e7b77a80b26eb09fa8f4acaf8bc01/_next/static/chunks/pages/outsmart-scams-502cdd194b56b469.js]
[cash.app/qr/click/outsmartScams2023463d.png]
[cash.app/outsmart-scams/how-to-identify-and-prevent-scams.html]
[cash.app/outsmart-scams/common-scams.html]
[cash.app/outsmart-scams/what-to-do-if-you-get-scammed.html]
[cash.app/outsmart-scams/survey-scams.html]
[cash.app/outsmart-scams/cash-flip.html]
[cash.app/outsmart-scams/social-media-scams.html]
[cash.app/outsmart-scams.html]
[cash.app/outsmart-scams/giveaway-scams.html]
[cash.app/qr/click/pbeek4bk463d.png]
[cash.app/qr/click/test463d.png]
[cash.app/qr/click/yoyybvjk463d.png]
[cash.app/bank/no-fees.html]
[cash-f.squarecdn.com/web/marketing/78d2b12e5b8e7b77a80b26eb09fa8f4acaf8bc01/_next/static/chunks/pages/reviews-814ad56d4bf52389.js]
[cash.app/qr/click/reviewsPage2023463d.png]
[cash.app/qr/click/reviews2023463d.png]
[cash.app/qr/click/6oskpt0i463d.png]
[cash.app/reviews.html]
[cash.app/unsupported-browser.html]
[cash-f.squarecdn.com/web/support/6515629bd88f67a57eb531d4769e347d3c7a052e/runtime.944fce969d6178b4.js]
[cash-f.squarecdn.com/web/support/6515629bd88f67a57eb531d4769e347d3c7a052e/main.db40fdaf490180a7.css]
[cash-f.squarecdn.com/web/support/6515629bd88f67a57eb531d4769e347d3c7a052e/main.944fce969d6178b4.js]
[cash-f.squarecdn.com/static/fonts/cashsans/woff2/CashSansWide-Regular.woff2]
[cash-f.squarecdn.com/static/fonts/cashsans/woff2/CashSansWide-Medium.woff2]
[cash-f.squarecdn.com/static/fonts/cashsans/woff2/CashSansWide-Bold.woff2]
[cash-f.squarecdn.com/static/fonts/agrandir/Agrandir-GrandHeavy.woff2]
[cash.app/support.html]
[cash-f.squarecdn.com/web/marketing/78d2b12e5b8e7b77a80b26eb09fa8f4acaf8bc01/_next/static/css/d54cf91069bed06c.css]
[cash-f.squarecdn.com/web/marketing/78d2b12e5b8e7b77a80b26eb09fa8f4acaf8bc01/_next/static/chunks/pages/legal/[slug]-b7127c42fd29da33.js]
[cash.app/legal/us/en-us/tosupdates.html]
[cash.app/legal/us/en-us/acceptable-use-policy.html]
[cash.app/legal/us/en-us/sign.html]
[cash.app/legal/us/en-us/copyright-trademark.html]
[cash.app/legal/us/en-us/savings.html]
[cash.app/legal/us/en-us/cash-investing-disclosure-library.html]
[cash.app/legal/us/en-us/cash-payment-terms.html]
[cash.app/legal/us/en-us/offers-tos.html]
[cash.app/legal/us/en-us/cashappterms.html]
[cash.app/legal/gb/en-gb/tos.html]
[cash.app/legal/gb/en-gb/privacy.html]
[cash.app/legal/ie/en-us/tos.html]
[cash.app/legal/us/en-us/tos.html]
[cash.app/legal/us/en-us/privacy.html]
[cash.app/contact.html]
[cash-f.squarecdn.com/web/cash-web-help-center/8b94803500814600c71b9519f8410e350542a7ba/_next/static/chunks/polyfills-42372ed130431b0a.js]
[cash-f.squarecdn.com/web/cash-web-help-center/8b94803500814600c71b9519f8410e350542a7ba/_next/static/chunks/webpack-7cacf82eb0f5830b.js]
[cash-f.squarecdn.com/web/cash-web-help-center/8b94803500814600c71b9519f8410e350542a7ba/_next/static/chunks/framework-ab09d4e4b4380441.js]
[cash-f.squarecdn.com/web/cash-web-help-center/8b94803500814600c71b9519f8410e350542a7ba/_next/static/chunks/main-f2125d005af0f9fa.js]
[cash-f.squarecdn.com/web/cash-web-help-center/8b94803500814600c71b9519f8410e350542a7ba/_next/static/chunks/pages/_app-24a9e3a3f8b11481.js]
[cash-f.squarecdn.com/web/cash-web-help-center/8b94803500814600c71b9519f8410e350542a7ba/_next/static/chunks/28-27742552bc2b08ed.js]
[cash-f.squarecdn.com/web/cash-web-help-center/8b94803500814600c71b9519f8410e350542a7ba/_next/static/chunks/367-d2d0e61597c1792f.js]
[cash-f.squarecdn.com/web/cash-web-help-center/8b94803500814600c71b9519f8410e350542a7ba/_next/static/chunks/423-f6a9a413d2c94e4d.js]
[cash-f.squarecdn.com/web/cash-web-help-center/8b94803500814600c71b9519f8410e350542a7ba/_next/static/chunks/135-9328f8105082f871.js]
[cash-f.squarecdn.com/web/cash-web-help-center/8b94803500814600c71b9519f8410e350542a7ba/_next/static/chunks/446-8ef2ea2321ee6d4b.js]
[cash-f.squarecdn.com/web/cash-web-help-center/8b94803500814600c71b9519f8410e350542a7ba/_next/static/chunks/pages/[region]-c0ef814bd5a40769.js]
[cash-f.squarecdn.com/web/cash-web-help-center/8b94803500814600c71b9519f8410e350542a7ba/_next/static/7Vvp6dOboeHohBhyQQLAT/_buildManifest.js]
[cash-f.squarecdn.com/web/cash-web-help-center/8b94803500814600c71b9519f8410e350542a7ba/_next/static/7Vvp6dOboeHohBhyQQLAT/_ssgManifest.js]
[cash.app/help/3130-access-old-account.html]
[cash.app/help/3074-cash-out-wasnt-instant.html]
[cash.app/help/3123-what-is-a-cashtag.html]
[cash.app/help/3051-canceling-a-payment.html]
[cash.app/help/3054-payment-canceled.html]
[cash.app/help/3085-report-lost-or-stolen-card.html]
[cash.app/help/6482-recognize-scams-and-keep-your-money-safe-with-cash-app.html]
[cash.app/help/3127-keep-your-account-safe-on-cash-app.html]
[cash.app/help/1625-cfpb-agreement.html]
[cash.app/help/1111-receiving-a-payment.html]
[cash.app/help/1105-sending-a-payment.html]
[cash.app/help/1106-add-cash.html]
[cash.app/help/1012-cash-out.html]
[cash.app/help/1108-cash-card.html]
[cash.app/help/1015-account-settings.html]
[cash.app/help/1014-cash-boost.html]
[cash.app/help/1016-bitcoin.html]
[cash.app/help/1113-direct-deposit.html]
[cash.app/help/5500-investing.html]
[cash.app/help/5640-tax-reporting-cash-app.html]
[cash.app/help/6486-authorized-users-under-18.html]
[cash.app/$help#chat]
[cash.app/help.html]
[cash.app/legal/es/en-us/tos.html]
[dka575ofm4ao0.cloudfront.net/assets/ProximaNovaLight-e642ffe82005c6208632538a557e7f5dccb835c0303b06f17f55ccf5679072414839.woff]
[dka575ofm4ao0.cloudfront.net/assets/ProximaNovaRegular-2ee4c449a9ed716f1d88207bd1094e21b69e2818b5cd36b28ad809dc1924ec544839.woff]
[dka575ofm4ao0.cloudfront.net/assets/ProximaNovaRegularIt-0c394ec7a111aa7928ea470ec0a67c44ebdaa0f93d1c3341abb69656cc26cbdd4839.woff]
[dka575ofm4ao0.cloudfront.net/assets/ProximaNovaSemibold-86724fb2152613d735ba47c3f47a9ad2424b898bea4bece213dacee40344f9664839.woff]
[dka575ofm4ao0.cloudfront.net/assets/ProximaNovaBold-c8dc577ff7f76d2fc199843e38c04bb2e9fd15889421358d966a9f846c2ed1cd4839.woff]
[status.cash.app/history.f8.delayed]
[dka575ofm4ao0.cloudfront.net/packs/0.076d36a21dada6e9b8ca.css]
[dka575ofm4ao0.cloudfront.net/assets/status/status_manifest-e5fd07250d5426b6c15214a184a78f72bd224c0f158f2ca1f35a3cf1ee9c1783.css]
[dka575ofm4ao0.cloudfront.net/assets/jquery-3.5.1.min-729e416557a365062a8a20f0562f18aa171da57298005d392312670c706c68de.js]
[dka575ofm4ao0.cloudfront.net/page_display_customizations-custom_css_externals/91500/external20241107-49-x4hr9.css]
[cdnjs.cloudflare.com/polyfill/v3/polyfill.js]
[status.cash.app/uptime.html]
[dka575ofm4ao0.cloudfront.net/assets/vendor/bowser-1643ca34a6d589b2d4d42163a891e4512d5d7657125e09bb5f3d44288114e6bd.js]
[status.cash.app/incidents/l6jg8j5qhfqv.html]
[status.cash.app/incidents/xdq2zfws77qr.html]
[status.cash.app/history.html]
[cash.app/help/us/en-us/3128-contact-cash-support.html]
[dka575ofm4ao0.cloudfront.net/assets/status_manifest-6a7ae3a8e2e1b1e1d9466495faa0851c3f5fff938743f6501c900aa2a8792e8c.js]
[dka575ofm4ao0.cloudfront.net/assets/register_subscription_form-589b657fec607087fc5c740c568270907310bc4f6aaa20256e70f01b103025ca.js]
[dka575ofm4ao0.cloudfront.net/assets/status_common-c1b99d73ee7ab0fea796bd170723c1daac1381095a7dd7501a38ce6f333d86b3.js]
[www.recaptcha.net/recaptcha/enterprise85f1.js]
[dka575ofm4ao0.cloudfront.net/packs/common-4d053c18cbeef079deb0.chunk.js]
[dka575ofm4ao0.cloudfront.net/packs/globals-f39f1afbe40d8b149e0b.chunk.js]
[status.cash.app/index.html]
[dka575ofm4ao0.cloudfront.net/packs/runtime-315523c15b4d55375eca.js]
[cash-f.squarecdn.com/web/cash-web-help-center/8b94803500814600c71b9519f8410e350542a7ba/_next/static/chunks/876-81231d670257d8db.js]
[cash-f.squarecdn.com/web/cash-web-help-center/8b94803500814600c71b9519f8410e350542a7ba/_next/static/chunks/pages/[region]/[article]-cd2405afa306714a.js]
[cash.app/help/31081-save-at-the-atm.html]
[cash.app/legal/us/en-us/bitcoin-disclosures.html]
[cash.app/legal/us/en-us/disclosures-in-app.html]
[cash.app/help/us/en-us/31111-setup-direct-deposit.html]
[cash.app/legal/us/en-us/cash-investing-account-agreement.html]
[cash.app/legal/us/en-us/cash-investing-privacy.html]
[cash.app/legal/us/en-us/cash-investing-house-rules.html]
[cash-f.squarecdn.com/web/marketing/78d2b12e5b8e7b77a80b26eb09fa8f4acaf8bc01/_next/static/css/0f8ffdd1351a4cc1.css]
[cash.app/legal/us/en-us/card-agreement.html]
[cash.app/help/us/en-us/5028-order-types.html]
[cash.app/help/5134-understanding-your-cash-app-investing-account.html]
[cash.app/help/us/en-us/5135-sec-finra-association.html]
[cash.app/help/us/en-us/5006-stock-market-hours.html]
[cash.app/help/us/en-us/5134-understanding-investing-account.html]
[cash.app/help/5023-broker-dealer-disclosures.html]
[cash.app/help/6500-is-my-cash-app-balance-eligible-for-fdic-passthrough-insurance.html]
[cash.app/help/us/en-us/6500-cash-app-and-fdic.html]
[cash-f.squarecdn.com/static/taxes/monochrome/favicon.svg]
[www.googletagmanager.com/gtm5445.html]
[cash.app/help/us/en-us/1108-cash-card.html]
[taxeshelp.cash.app/sfsites/c/resource/1631048261000/niantec__nrecaptcha/recaptcha.js]
[www.google.com/recaptcha/apib091.js]
[taxeshelp.cash.app/favicon5e1f.ico]
[taxeshelp.cash.app/_slds/fonts/v2.3.0/SalesforceSans-BoldItalic.woff]
[taxeshelp.cash.app/_slds/images/profile_avatar_20019fb.png]
[taxeshelp.cash.app/_slds/images/illustrations/empty-state-events5823.svg]
[taxeshelp.cash.app/_slds/fonts/v2.3.0/SalesforceSans-Italic.woff]
[taxeshelp.cash.app/_slds/fonts/v2.3.0/SalesforceSans-Bold.woff2]
[taxeshelp.cash.app/_slds/images/illustrations/empty-state-assistant48f1.svg]
[taxeshelp.cash.app/_slds/images/illustrations/empty-state-taskse6a7.svg]
[taxeshelp.cash.app/_slds/fonts/v2.3.0/SalesforceSans-BoldItalic.woff2]
[taxeshelp.cash.app/_slds/images/einstein-headers/einstein-header-backgrounda96d.svg]
[taxeshelp.cash.app/_slds/images/group_avatar_200ae51.png]
[taxeshelp.cash.app/_slds/fonts/NeutrafaceDisplay5fe7.woff2]
[taxeshelp.cash.app/_slds/fonts/NeutrafaceDisplay5fe7.woff]
[taxeshelp.cash.app/_slds/images/welcome-mat/bg-info@2x5a6a.png]
[taxeshelp.cash.app/_slds/fonts/v2.3.0/SalesforceSans-Light.woff]
[taxeshelp.cash.app/_slds/fonts/v2.3.0/SalesforceSans-Italic.woff2]
[taxeshelp.cash.app/_slds/images/einstein-headers/einstein-figurec406.svg]
[taxeshelp.cash.app/_slds/images/logo-noname2c0c.svg]
[taxeshelp.cash.app/_slds/fonts/v2.3.0/SalesforceSans-Regular.woff]
[taxeshelp.cash.app/_slds/fonts/v2.3.0/SalesforceSans-Bold.woff]
[taxeshelp.cash.app/_slds/images/profile_avatar_963c56.png]
[taxeshelp.cash.app/_slds/images/group_avatar_160c6c2.png]
[taxeshelp.cash.app/_slds/images/group_avatar_96404f.png]
[taxeshelp.cash.app/_slds/fonts/v2.3.0/SalesforceSans-Light.woff2]
[taxeshelp.cash.app/_slds/images/profile_avatar_160cdcb.png]
[taxeshelp.cash.app/_slds/fonts/v2.3.0/SalesforceSans-Regular.woff2]
[taxeshelp.cash.app/s/sfsites/runtimedownload/fonts7dd9.css]
[taxeshelp.cash.app/s/sfsites/c/resource/CashSans/CashSans/woff2/CashSans-Regular.woff2]
[taxeshelp.cash.app/s/sfsites/c/resource/CashSans/CashSans/woff2/CashSans-Medium.woff2]
[taxeshelp.cash.app/resource/CATLogos/CATLogos/RGB_CashAppTaxes_Logo_Black.svg]
[taxeshelp.cash.app/sfsites/c/resource/CATLogos/CATLogos/RGB_CashAppTaxes_Logo_Black.svg]
[taxeshelp.cash.app/s/article/Cash-App-Taxes-Doesn-t-Support-Non-US-Loginsd41d.html]
[taxeshelp.cash.app/s/sfsites/l/{_mode___PROD_,_dfs___8_,_app___siteforce_commu/siteforce_communityApp___1237_0DoVReIfuy3txr_Wd/inline9d39.js]
[taxeshelp.cash.app/s/sfsites/l/{_mode___PROD_,_dfs___8_,_app___siteforce_commu/siteforce_communityApp___1237_0DoVReIfuy3txr_Wd/resourcese384.js]
[taxeshelp.cash.app/s/sfsites/auraFW/javascript/c1ItM3NYNWFUOE5oQkUwZk1sYW1vQWg5TGxiTHU3MEQ5RnBMM0VzVXc1cmcxMS4zMjc2OC4z/aura_prod.js]
[taxeshelp.cash.app/s/sfsites/l/{_mode___PROD_,_dfs___8_,_app___siteforce_commu/siteforce_communityApp___1237_0DoVReIfuy3txr_Wd/app3ebd.js]
[taxeshelp.cash.app/s/article/Cash-App-Taxes-Doesn-t-Support-Non-US-Logins.html]
[cash.app/launch/taxes/r/index73d2.html]
[taxeshelp.cash.app/s/sfsites/l/{_mode___PROD_,_dfs___8_,_app___siteforce_commu/siteforce_communityApp___1237_0DoVReIfuy3txr_Wd/bootstrap9d39.js]
[taxeshelp.cash.app/s/article/About-our-Accurate-Calculations-Guarantee.html]
[taxeshelp.cash.app/s/article/About-our-Accurate-Calculations-Guaranteed41d.html]
[taxeshelp.cash.app/s/indexd41d.html]
[taxeshelp.cash.app/s/sfsites/l/{_mode___PROD_,_dfs___8_,_app___siteforce_commu/siteforce_communityApp___1237_0DoVReIfuy3txr_Wd/inline38a2.js]
[taxeshelp.cash.app/s/index.html]
[taxeshelp.cash.app/s/sfsites/l/{_mode___PROD_,_dfs___8_,_app___siteforce_commu/siteforce_communityApp___1237_0DoVReIfuy3txr_Wd/bootstrap38a2.js]
[taxeshelp.cash.app/s/article/About-our-Maximum-Refund-Guarantee.html]
[taxeshelp.cash.app/s/article/About-our-Maximum-Refund-Guaranteed41d.html]
[cash.app/help/6486-sponsored-accounts-overview.html]
[cash.app/help/6537-sponsored-accounts-turning-18.html]
[cash.app/help/64861-basics-end-sponsorship.html]
[cash.app/help/64862-buying-selling-stocks-family.html]
[cash.app/help/64863-buying-selling-btc-family.html]
[cash.app/help/64864-sponsorship-and-safety.html]
[cash.app/help/64865-sponsorship-and-taxes.html]
[cash.app/help/64866-features-limits-family-accounts.html]
[cash.app/help/64867-request-sponsorship-family-account.html]
[cash.app/help/64868-sponsor-controls-visibility.html]
[cash.app/help/us/en-us/6486-authorized-users-under-18.html]
[cash.app/help/64869-transaction-restrictions-family-accounts.html]
[cash.app/help/64866-features-and-limits-for-sponsored-accounts.html]
[cash.app/help/us/en-us/64863-buying-selling-btc-family.html]
[cash.app/help/us/en-us/64866-features-limits-family-accounts.html]
[cash.app/help/us/en-us/64862-buying-selling-stocks-family.html]
[cash.app/help/64868-sponsor-controls-and-visibility-for-sponsored-accounts.html]
[cash.app/help/us/en-us/64861-Get-started-investing-family.html]
[cash.app/help/us/en-us/309115-cash-card-dispute-purchase.html]
[cash.app/help/us/en-us/64868-sponsor-controls-visibility.html]
[cash.app/help/648681-blocking-for-sponsored-accounts.html]
[cash.app/help/us/en-us/3120-enable-security-lock.html]
[cash.app/help/us/en-us/3051.html]
[cash.app/help/us/en-us/6482-recognize-scams.html]
[cash.app/help/31075-bitcoin-scams.html]
[cash-f.squarecdn.com/web/marketing/78d2b12e5b8e7b77a80b26eb09fa8f4acaf8bc01/_next/static/css/7b391016a3b5c9cf.css]
[cash-f.squarecdn.com/web/marketing/78d2b12e5b8e7b77a80b26eb09fa8f4acaf8bc01/_next/static/chunks/2697-74a06a413a7bf53e.js]
[cash-f.squarecdn.com/web/marketing/78d2b12e5b8e7b77a80b26eb09fa8f4acaf8bc01/_next/static/chunks/pages/press/[slug]-2420fb52e55f1abd.js]
[cash.app/press/cash-app-communities-series.html]
[cash.app/press/depop-cash-app-partner-shacarri-richardson-digital-series.html]
[cash.app/press/cash-app-chillhouse-nails-collab.html]
[cash.app/qr/click/mktgfooter463d.png]
[cash.app/press/shaboozey-unveils-cash-app-tortoise-card.html]
[cash.app/press/cash-app-launches-high-interest-savings.html]
[cash.app/press/premiere-lacross-league-boardroom-cash-app.html]
[cash.app/press/cash-app-approach-expanding-financial-access.html]
[cash.app/press/cash-app-gen-z-money-report.html]
[cash.app/press/thats-money-cash-app-p2p-trend-report.html]
[cash.app/press/cash-app-square-team-up-irs-combat-tax-fraud.html]
[cash.app/press/why-credit-cards-give-gen-z-the-ick-press-release.html]
[cash.app/press/afterpay-spring-summer-2025-trend-report.html]
[cash.app/press/gen-z-doesnt-understand-how-to-file-taxes.html]
[cash.app/press/square-cash-app-commit-la-rebuilding.html]
[cash.app/press/cash-app-debuts-scams-education-campaign.html]
[cash.app/press/cash-app-national-brand-campaign-banking-cash-in.html]
[cash.app/support/AP_AFTERPAY_OVERVIEW.html]
[cash.app/press/cash-app-pay-integrates-lyft-seamless-payments.html]
[cash.app/press/cash-app-rolls-out-afterpay-merchants.html]
[cash.app/cdn-cgi/l/email-protection.html]
[cash.app/press/cash-app-pay-integrates-googleplay.html]
[cash-f.squarecdn.com/web/marketing/78d2b12e5b8e7b77a80b26eb09fa8f4acaf8bc01/_next/static/css/18b54ab8ebec01e9.css]
[cash-f.squarecdn.com/web/marketing/78d2b12e5b8e7b77a80b26eb09fa8f4acaf8bc01/_next/static/chunks/pages/press/assets-acb84903aa8d5c8b.js]
[cash-f.squarecdn.com/static/press-kits/logos-2024-10.zip]
[cash-f.squarecdn.com/web/marketing/78d2b12e5b8e7b77a80b26eb09fa8f4acaf8bc01/assets/images/press/logotype.png]
[cash-f.squarecdn.com/static/press-kits/cash-app-card-2024-07.zip]
[cash-f.squarecdn.com/web/marketing/78d2b12e5b8e7b77a80b26eb09fa8f4acaf8bc01/assets/images/press/cash-card.png]
[cash-f.squarecdn.com/static/press-kits/screenshots-2024-07.zip]
[cash-f.squarecdn.com/web/marketing/78d2b12e5b8e7b77a80b26eb09fa8f4acaf8bc01/assets/images/press/product-screens.png]
[cash.app/press/assets.html]
[cash-f.squarecdn.com/web/marketing/78d2b12e5b8e7b77a80b26eb09fa8f4acaf8bc01/_next/static/chunks/pages/outsmart-scams/[slug]-d6e1adcc41672d7d.js]
[cash.app/help/us/en-us/3127-keeping-your-cash-app-secure.html]
[cash.app/outsmart-scams/how-to-identify-and-prevent-scams.html]
[cash.app/help/us/en-us/6536-cash-card-transaction-security.html]
[cash.app/help/us/en-us/3137-turn-off-requests.html]
[cash.app/outsmart-scams/common-scams.html]
[cash.app/help/us/en-us/3043-refund-a-payment.html]
[cash.app/help/3138-block-someone.html]
[cash.app/help/gb/en-gb/1015-account-settings.html]
[cash.app/outsmart-scams/what-to-do-if-you-get-scammed.html]
[cash.app/outsmart-scams/survey-scams.html]
[cash.app/help/us/en-us/1015-account-settings.html]
[cash.app/outsmart-scams/cash-flip.html]
[cash.app/outsmart-scams/social-media-scams.html]
[cash.app/outsmart-scams/giveaway-scams.html]
[cash.app/unsupported-browser.html]
[cash-f.squarecdn.com/web/support/6515629bd88f67a57eb531d4769e347d3c7a052e/main.db40fdaf490180a7.css]
[cash-f.squarecdn.com/static/fonts/cashsans/woff2/CashSansWide-SemiBold-2.woff2]
[cash-f.squarecdn.com/web/marketing/78d2b12e5b8e7b77a80b26eb09fa8f4acaf8bc01/_next/static/css/d54cf91069bed06c.css]
[cash.app/help/6482-recognize-scams.html]
[cash.app/legal/us/en-us/tosupdates.html]
[cash.app/legal/us/en-us/acceptable-use-policy.html]
[cash.app/legal/us/en-us/sign.html]
[cash.app/legal/us/en-us/copyright-trademark.html]
[cash.app/legal/us/en-us/savings.html]
[cash.app/legal/us/en-us/cashappterms2.html]
[cash.app/legal/us/en-us/formcrs.html]
[cash.app/legal/es/en-us/disclosures-in-app.html]
[cash.app/legal/es/en-us/cash-investing-account-agreement.html]
[cash.app/legal/es/en-us/cash-investing-house-rules.html]
[cash.app/legal/es/en-us/cash-investing-privacy.html]
[cash.app/legal/us/en-us/cash-investing-disclosure-library.html]
[cash.app/legal/us/en-us/cash-payment-terms.html]
[cash.app/legal/us/en-us/offers-tos.html]
[cash.app/legal/es/en-us/cash-investing-bcp.html]
[cash.app/$square-tos]
[cash.app/legal/us/en-us/square-tos.html]
[cash.app/legal.html]
[cash.app/legal/us/en-us/cashappterms.html]
[cash.app/legal/gb/en-gb/tos.html]
[cash.app/legal/gb/en-gb/privacy.html]
[cash.app/legal/ie/en-us/tos.html]
[cash.app/login4111.html]
[cash.app/loginbb03.html]
[cash.app/contact.html]
[cash.app/help/gb/4000-complaints-process.html]
[cash.app/help/3130-access-old-account.html]
[cash.app/help/3130-accessing-your-account.html]
[cash.app/help/3074-cash-out-wasnt-instant.html]
[cash.app/help/3074-withdrawal-transfer-wasnt-instant.html]
[cash.app/$yourcashtag]
[cash.app/help/3132-cashtags.html]
[cash.app/help/5504-cashtag-requirements.html]
[cash.app/help/3123-what-is-a-cashtag.html]
[cash.app/help/3051-canceling-a-payment.html]
[cash.app/help/3054-payment-canceled.html]
[cash.app/help/3085-report-lost-or-stolen-card.html]
[cash.app/help/6482-recognize-scams-and-keep-your-money-safe-with-cash-app.html]
[cash.app/help/5506-verified-cashtags.html]
[cash.app/help/3127-keep-your-account-safe-on-cash-app.html]
[cash.app/help/us/3120-enable-security-lock.html]
[cash.app/help/1625-cfpb-agreement.html]
[cash.app/help/1625-cash-app-cfpb-settlement.html]
[cash.app/login7bbb.html]
[cash.app/help/3043-refund-a-payment.html]
[cash.app/help/3054-payment-canceled-eta-refund.html]
[cash.app/help/1111-receiving-a-payment.html]
[cash.app/help/3055-view-account-statements.html]
[cash.app/login6648.html]
[cash.app/help/1105-sending-a-payment.html]
[cash.app/help/3045-sent-payments-refund-eta.html]
[cash.app/help/1106-add-money.html]
[cash.app/help/3049-add-bank-account.html]
[cash.app/help/1106-add-cash.html]
[cash.app/help/5588-supported-cards.html]
[cash.app/help/1012-withdraw-money.html]
[cash.app/help/3044-deposit-was-not-instant.html]
[cash.app/help/3071-cash-out-instructions.html]
[cash.app/help/3072-problem-linking-bank-account.html]
[cash.app/help/3073-cash-out-speed-options.html]
[cash.app/help/3074-cash-out-not-instant.html]
[cash.app/help/3075-closed-bank-accounts-or-expired-cards.html]
[cash.app/help/3076-increase-cash-out-speed.html]
[cash.app/help/1012-cash-out.html]
[cash.app/help/3077-check-your-cash-out-status.html]
[cash.app/help/1108-cash-app-card.html]
[cash.app/help/us/en-us/6553-does-cash-app-work-internationally0d8a.html]
[cash.app/help/3080-cash-card-get-started.html]
[cash.app/help/3081-cash-card-idv-problems.html]
[cash.app/help/3085-report-card-lost-stolen.html]
[cash.app/help/3086-cash-card-atm-limits.html]
[cash.app/help/3089-cash-card-cashback.html]
[cash.app/help/3090-activate-cash-card.html]
[cash.app/help/3091-gas-stations-cash-card.html]
[cash.app/help/3099-cash-card-declined.html]
[cash.app/help/6536-cash-card-transaction-security.html]
[cash.app/help/6551-free-overdraft-coverage.html]
[cash.app/help/6553-does-cash-app-work-internationally.html]
[cash.app/help/11081-re-design-a-cash-card.html]
[cash.app/help/30810-cash-card-apple-pay.html]
[cash.app/help/30811-cash-card-google-pay.html]
[cash.app/help/31081-instantly-covered-atm-withdrawals.html]
[cash.app/help/110812-block-merchant-transactions.html]
[cash.app/help/309112-temporarily-disable-card.html]
[cash.app/help/309114-merchant-refunds.html]
[cash.app/help/309115-cash-card-dispute-purchase.html]
[cash.app/help/309116-cash-card-unauthorized-payment.html]
[cash.app/help/1121-how-to-view-and-copy-card-details.html]
[cash.app/help/1108-cash-card.html]
[cash.app/help/1120-cash-app-card-spending-insights.html]
[cash.app/help/3120-enable-security-lock.html]
[cash.app/help/3121-reset-cash-pin.html]
[cash.app/help/3122-increase-cash-limits.html]
[cash.app/help/3123-cashtags.html]
[cash.app/help/3131-drivers-license-scanning.html]
[cash.app/help/6535-providing-requested-documentation.html]
[cash.app/help/1015-account-settings.html]
[cash.app/help/6548-profile-names-allowed-on-cash-app.html]
[cash.app/help/1014-how-to-add-offers-to-your-cash-app-card.html]
[cash.app/help/3093-missing-boost.html]
[cash.app/help/3094-cash-boost-details.html]
[cash.app/help/3095-choose-a-boost.html]
[cash.app/help/3096-swap-boosts.html]
[cash.app/help/3097-do-boosts-expire.html]
[cash.app/help/3098-cash-boost-limits.html]
[cash.app/help/30971-my-boost-is-locked.html]
[cash.app/help/1014-cash-boost.html]
[cash.app/help/30981-what-is-a-category-boost.html]
[cash.app/help/3100-what-is-bitcoin.html]
[cash.app/help/3101-buying-bitcoin.html]
[cash.app/help/3102-selling-bitcoin.html]
[cash.app/help/3103-bitcoin-fees.html]
[cash.app/help/3104-bitcoin-taxes.html]
[cash.app/help/3105-bitcoin-security.html]
[cash.app/help/3106-bitcoin-withdrawal-instructions.html]
[cash.app/help/3107-deposit-bitcoin-into-cash-app.html]
[cash.app/help/3114-paid-in-bitcoin.html]
[cash.app/help/6506-bitcoin-lightning.html]
[cash.app/help/31021-sending-and-receiving-bitcoin.html]
[cash.app/help/31072-cash-app-bitcoin-operations.html]
[cash.app/help/31073-bitcoin-conversions.html]
[cash.app/help/1016-bitcoin.html]
[cash.app/help/31092-bitcoin-order-types.html]
[cash.app/help/3111-routing-and-account-direct-deposit.html]
[cash.app/help/3112-missing-direct-deposit.html]
[cash.app/help/3113-bill-pay.html]
[cash.app/help/1113-direct-deposit.html]
[cash.app/help/31111-setup-direct-deposit.html]
[cash.app/help/5001-what-is-investing.html]
[cash.app/help/5003-opening-an-investing-account.html]
[cash.app/help/5006-stock-market-hours.html]
[cash.app/help/5007-buying-stock.html]
[cash.app/help/5010-selling-stock.html]
[cash.app/help/5013-owning-stocks.html]
[cash.app/help/5015-view-monthly-statements-and-trade-confirmations.html]
[cash.app/help/5017-mergers-stock-splits-and-more.html]
[cash.app/help/5019-taxes-and-investing.html]
[cash.app/help/5021-security-and-investing.html]
[cash.app/help/5028-order-types.html]
[cash.app/help/5134-understanding-investing-account.html]
[cash.app/help/5135-sec-finra-association.html]
[cash.app/help/5138-stock-update-credit.html]
[cash.app/help/5139-verifying-changes-investing-account.html]
[cash.app/help/5140-searching-stock.html]
[cash.app/help/5500-investing.html]
[cash.app/help/50131-supported-stocks.html]
[cash.app/help/5640-tax-reporting-for-cash-app.html]
[cash.app/help/5641-tax-reporting-with-cash-for-business.html]
[cash.app/help/5640-tax-reporting-cash-app.html]
[cash.app/help/6486-authorized-users-under-18.html]
[cash.app/$help#chat.html]
[cash.app/legal/es/en-us/tos.html]
[cash.app/help/5642-tax-reporting-with-cash-for-business-b-notices.html]
[status.cash.app/inactive.atom]
[status.cash.app/inactive.rss]
[dka575ofm4ao0.cloudfront.net/packs/0.076d36a21dada6e9b8ca.css]
[dka575ofm4ao0.cloudfront.net/assets/fontawesome-webfont-c812ddc9e475d3e65d68a6b3b589ce598a2a5babb7afc55477d59215c4a38a40.woff]
[dka575ofm4ao0.cloudfront.net/assets/status/status_manifest-e5fd07250d5426b6c15214a184a78f72bd224c0f158f2ca1f35a3cf1ee9c1783.css]
[s3.amazonaws.com/franklin-assets/static/fonts/cashsans/woff2/CashSans-Regular.woff2]
[s3.amazonaws.com/franklin-assets/static/fonts/cashsans/woff2/CashSans-Medium.woff2]
[dka575ofm4ao0.cloudfront.net/page_display_customizations-custom_css_externals/91500/external20241107-49-x4hr9.css]
[dka575ofm4ao0.cloudfront.net/packs/191.076d36a21dada6e9b8ca.css]
[dka575ofm4ao0.cloudfront.net/packs/155.076d36a21dada6e9b8ca.css]
[dka575ofm4ao0.cloudfront.net/packs/status-605cc5e06d8e861d8ea1.chunk.js]
[status.cash.app/uptime.html]
[status.cash.app/incidents/l6jg8j5qhfqv.html]
[status.cash.app/incidents/xdq2zfws77qr.html]
[status.cash.app/history.html]
[cash.app/help/us/en-us/3128-contact-cash-support.html]
[dka575ofm4ao0.cloudfront.net/packs/components-230d3ce77faa3e16d369.chunk.js]
[cash.app/help/31111-set-up-direct-deposit.html]
[cash.app/help/us/en-us/31111-setup-direct-deposit.html]
[cash.app/legal/us/en-us/cash-investing-privacy.html]
[cash.app/help/us/en-us/64866-features-limits-family-accounts003d.html]
[cash.app/help/5008-schedule-an-order.html]
[cash.app/help/50281-custom-orders.html]
[cash.app/help/us/en-us/5028-order-types.html]
[cash.app/help/5134-understanding-your-cash-app-investing-account.html]
[cash.app/help/50283-scheduled-after-hours-orders.html]
[cash.app/help/us/en-us/5135-sec-finra-association.html]
[cash.app/help/us/en-us/5006-stock-market-hours.html]
[cash.app/help/5135-is-cash-app-investing-llc-registered-with-finra.html]
[cash.app/help/5023-brokerdealer-disclosures.html]
[cash.app/help/5132-how-is-my-stock-registered.html]
[cash.app/help/5023-broker-dealer-disclosures.html]
[cash.app/help/6500-is-my-cash-app-balance-eligible-for-fdic-passthrough-insurance.html]
[cash.app/help/us/en-us/1108-cash-card.html]
[taxeshelp.cash.app/sfsites/c/resource/1631048261000/niantec__nrecaptcha/recaptcha.js]
[taxeshelp.cash.app/_slds/images/illustrations/empty-state-events5823.svg]
[taxeshelp.cash.app/_slds/images/illustrations/empty-state-assistant48f1.svg]
[taxeshelp.cash.app/_slds/images/illustrations/empty-state-taskse6a7.svg]
[taxeshelp.cash.app/_slds/images/einstein-headers/einstein-header-backgrounda96d.svg]
[taxeshelp.cash.app/_slds/images/einstein-headers/einstein-figurec406.svg]
[taxeshelp.cash.app/_slds/images/logo-noname2c0c.svg]
[taxeshelp.cash.app/s/sfsites/runtimedownload/fonts7dd9.css]
[taxeshelp.cash.app/s/sfsites/c/resource/CashSans/CashSans/otf/CashMarket-Regular.otf]
[taxeshelp.cash.app/s/sfsites/c/resource/CashSans/CashSans/otf/CashMarket-Medium.otf]
[taxeshelp.cash.app/resource/CATLogos/CATLogos/RGB_CashAppTaxes_Logo_Black.svg]
[taxeshelp.cash.app/sfsites/c/resource/CATLogos/CATLogos/RGB_CashAppTaxes_Logo_Black.svg]
[taxeshelp.cash.app/s/article/Cash-App-Taxes-Doesn-t-Support-Non-US-Loginsd41d.html]
[cash.app/help/5133-direct-registration-of-stock.html]
[taxes.cash.app/r/indexca5d.html]
[taxeshelp.cash.app/s/article/About-our-Accurate-Calculations-Guaranteed41d.html]
[taxeshelp.cash.app/s/indexd41d.html]
[taxeshelp.cash.app/s/article/About-our-Maximum-Refund-Guaranteed41d.html]
[cash.app/help/6486-sponsored-accounts-overview.html]
[cash.app/help/6537-sponsored-accounts-turning-18.html]
[cash.app/help/64861-basics-end-sponsorship.html]
[cash.app/help/64861-the-basics-to-ending-a-sponsorship.html]
[cash.app/help/64862-how-to-buy-and-sell-stocks-with-a-sponsored-account.html]
[cash.app/help/us/en-us/5007-buying-stock.html]
[cash.app/help/us/en-us/5012-day-trading-limits.html]
[cash.app/help/us/en-us/5010-selling-stock.html]
[cash.app/help/64862-buying-selling-stocks-family.html]
[cash.app/help/us/en-us/64865-Sponsorship-and-taxes.html]
[cash.app/help/64863-how-to-buy-and-sell-bitcoin-with-a-sponsored-account.html]
[cash.app/help/us/en-us/3101-buying-bitcoin.html]
[cash.app/help/64863-buying-selling-btc-family.html]
[cash.app/help/us/en-us/3102-selling-bitcoin.html]
[cash.app/help/64864-sponsorship-and-safety.html]
[cash.app/help/64864-sponsorship-and-investing.html]
[cash.app/help/64865-sponsorship--taxes.html]
[cash.app/help/us/en-us/3104-bitcoin-taxes.html]
[cash.app/help/64865-sponsorship-and-taxes.html]
[cash.app/help/64866-features-limits-family-accounts.html]
[cash.app/help/us/en-us/5019-taxes-and-investing.html]
[cash.app/help/64867-request-sponsorship-family-account.html]
[cash.app/help/64868-sponsor-controls-visibility.html]
[cash.app/help/64867-requesting-sponsorship.html]
[cash.app/help/64869-transaction-restrictions-family-accounts.html]
[cash.app/help/64866-features-and-limits-for-sponsored-accounts.html]
[cash.app/help/us/en-us/64863-buying-selling-btc-family.html]
[cash.app/help/us/en-us/64862-buying-selling-stocks-family.html]
[cash.app/help/64868-sponsor-controls-and-visibility-for-sponsored-accounts.html]
[cash.app/help/us/en-us/64861-Get-started-investing-family.html]
[cash.app/help/64869-transaction-restrictions-for-sponsored-accounts.html]
[cash.app/help/309115-dispute-a-cash-app-card-transaction.html]
[cash.app/help/us/en-us/309115-cash-card-dispute-purchase.html]
[cash.app/help/648681-blocking-for-sponsored-accounts.html]
[cash.app/help/us/en-us/3120-enable-security-lock.html]
[cash.app/help/us/en-us/3051.html]
[cash.app/help/31075-bitcoin-scams.html]
[cash-f.squarecdn.com/web/marketing/78d2b12e5b8e7b77a80b26eb09fa8f4acaf8bc01/_next/static/css/7b391016a3b5c9cf.css]
[cash.app/press/cash-app-communities-series.html]
[cash.app/press/cash-app-teams-up-wnba-all-star-angel-reese.html]
[cash.app/press/depop-cash-app-partner-shacarri-richardson-digital-series.html]
[cash.app/press/cash-app-chillhouse-nails-collab.html]
[cash.app/press/cash-app-launches-high-interest-savings.html]
[cash.app/press/premiere-lacross-league-boardroom-cash-app.html]
[cash.app/press/cash-app-gen-z-money-report.html]
[cash.app/press/cash-app-square-team-up-irs-combat-tax-fraud.html]
[cash.app/press/gen-z-doesnt-understand-how-to-file-taxes.html]
[cash.app/qr/click/mktgfooterd1a1.png]
[cash.app/press/cash-app-debuts-scams-education-campaign.html]
[cash.app/support/AP_AFTERPAY_OVERVIEW.html]
[cash.app/press/cash-app-pay-integrates-lyft-seamless-payments.html]
[cash.app/press/cash-app-pay-integrates-googleplay.html]
[cash-f.squarecdn.com/web/marketing/78d2b12e5b8e7b77a80b26eb09fa8f4acaf8bc01/_next/static/css/18b54ab8ebec01e9.css]
[cash.app/help/us/en-us/3127-keeping-your-cash-app-secure.html]
[cash.app/help/us/en-us/6536-cash-card-transaction-security.html]
[cash.app/help/6536-cash-app-card-transaction-security.html]
[cash.app/help/us/en-us/3137-turn-off-requests.html]
[cash.app/help/us/en-us/3043-refund-a-payment.html]
[cash.app/help/3138-block-someone.html]
[cash.app/help/gb/3121-reset-cash-pin.html]
[cash.app/help/gb/en-gb/1015-account-settings.html]
[cash.app/help/us/en-us/1015-account-settings.html]
[cash.app/help/6482-recognize-scams.html]
[cash.app/legal/us/en-us/cashappterms2.html]
[cash.app/legal/us/en-us/formcrs.html]
[cash.app/legal/es/en-us/disclosures-in-app.html]
[cash.app/legal/es/en-us/cash-investing-account-agreement.html]
[cash.app/legal/es/en-us/cash-investing-house-rules.html]
[cash.app/legal/es/en-us/cash-investing-privacy.html]
[cash.app/legal/es/en-us/cash-investing-bcp.html]
[cash.app/$square-tos.html]
[cash.app/legal/us/en-us/square-tos.html]
[cash-f.squarecdn.com/web/marketing/78d2b12e5b8e7b77a80b26eb09fa8f4acaf8bc01/_next/static/chunks/3548-a48d2d03960a989d.js]
[cash.app/legal.html]
[cash-f.squarecdn.com/web/marketing/78d2b12e5b8e7b77a80b26eb09fa8f4acaf8bc01/_next/static/chunks/pages/legal-55e79bd243b61b67.js]
[cash.app/login4111.html]
[cash.app/loginbb03.html]
[cash.app/help/gb/4000-complaints-process.html]
[cash.app/help/3130-accessing-your-account.html]
[cash.app/help/3074-withdrawal-transfer-wasnt-instant.html]
[cash.app/$yourcashtag.html]
[cash.app/help/gb/en-gb/index.html]
[cash.app/help/3132-change-your-cashtag.html]
[cash.app/help/3132-cashtags.html]
[cash.app/help/5504-cashtag-requirements.html]
[cash.app/help/5506-verified-cashtags.html]
[cash.app/help/us/3120-enable-security-lock.html]
[cash.app/help/1625-cash-app-cfpb-settlement.html]
[cash.app/login7bbb.html]
[cash.app/help/3043-refund-a-payment.html]
[cash.app/help/3054-payment-canceled-eta-refund.html]
[cash.app/help/3055-view-account-statements.html]
[cash.app/login6648.html]
[cash.app/help/3045-sent-payments-refund-eta.html]
[cash.app/help/1106-add-money.html]
[cash.app/help/3049-add-bank-account.html]
[cash.app/help/5588-supported-cards.html]
[cash.app/help/1012-withdraw-money.html]
[cash.app/help/3044-deposit-was-not-instant.html]
[cash.app/help/3071-cash-out-instructions.html]
[cash.app/help/3072-problem-linking-bank-account.html]
[cash.app/help/3073-cash-out-speed-options.html]
[cash.app/help/3074-cash-out-not-instant.html]
[cash.app/help/3075-closed-bank-accounts-or-expired-cards.html]
[cash.app/help/3076-increase-cash-out-speed.html]
[cash.app/help/3076-increase-withdrawal-transfer-speed.html]
[cash.app/help/3077-check-your-cash-out-status.html]
[cash.app/help/1108-cash-app-card.html]
[cash.app/help/us/en-us/6553-does-cash-app-work-internationally0d8a.html]
[cash.app/help/3080-cash-card-get-started.html]
[cash.app/help/3081-cash-card-idv-problems.html]
[cash.app/help/3085-report-card-lost-stolen.html]
[cash.app/help/3086-cash-card-atm-limits.html]
[cash.app/help/3086-atm-withdrawal-limit.html]
[cash.app/help/3089-cash-card-cashback.html]
[cash.app/help/3090-activate-cash-card.html]
[cash.app/help/3091-gas-stations-cash-card.html]
[cash.app/help/3099-cash-card-declined.html]
[cash.app/help/6536-cash-card-transaction-security.html]
[cash.app/help/6551-free-overdraft-coverage.html]
[cash.app/help/6553-does-cash-app-work-internationally.html]
[cash.app/help/11081-re-design-a-cash-card.html]
[cash.app/help/11081-design-a-new-cash-app-card.html]
[cash.app/help/30810-cash-card-apple-pay.html]
[cash.app/help/30811-cash-card-google-pay.html]
[cash.app/help/31081-instantly-covered-atm-withdrawals.html]
[cash.app/help/110812-block-merchant-transactions.html]
[cash.app/help/309112-temporarily-disable-card.html]
[cash.app/help/309114-merchant-refunds.html]
[cash.app/help/309115-cash-card-dispute-purchase.html]
[cash.app/help/309116-cash-card-unauthorized-payment.html]
[cash.app/help/1121-how-to-view-and-copy-card-details.html]
[cash.app/help/1120-cash-app-card-spending-insights.html]
[cash.app/help/3120-enable-security-lock.html]
[cash.app/help/3121-reset-cash-pin.html]
[cash.app/help/3122-increase-cash-limits.html]
[cash.app/help/3123-cashtags.html]
[cash.app/help/3131-drivers-license-scanning.html]
[cash.app/help/3122-increase-limits.html]
[cash.app/help/6535-providing-requested-documentation.html]
[cash.app/help/6548-profile-names-allowed-on-cash-app.html]
[cash.app/help/1014-how-to-add-offers-to-your-cash-app-card.html]
[cash.app/help/3093-missing-boost.html]
[cash.app/help/3094-cash-boost-details.html]
[cash.app/help/3094-cash-offer-details.html]
[cash.app/help/3095-choose-a-boost.html]
[cash.app/help/3096-swap-boosts.html]
[cash.app/help/3097-do-boosts-expire.html]
[cash.app/help/3098-cash-boost-limits.html]
[cash.app/help/30971-my-boost-is-locked.html]
[cash.app/help/30981-what-is-a-category-boost.html]
[cash.app/help/3100-what-is-bitcoin.html]
[cash.app/bitcoin/my-first-bitcoin.html]
[cash.app/help/3101-buying-bitcoin.html]
[cash.app/help/3102-selling-bitcoin.html]
[cash.app/help/3103-bitcoin-fees.html]
[cash.app/help/3104-bitcoin-taxes.html]
[cash.app/help/3105-bitcoin-security.html]
[cash.app/help/3106-bitcoin-withdrawal-instructions.html]
[cash.app/help/3107-deposit-bitcoin.html]
[cash.app/help/3107-deposit-bitcoin-into-cash-app.html]
[cash.app/help/3114-paid-in-bitcoin.html]
[cash.app/help/6506-bitcoin-lightning.html]
[cash.app/help/31021-sending-and-receiving-bitcoin.html]
[cash.app/help/31072-cash-app-bitcoin-operations.html]
[cash.app/help/31073-bitcoin-conversions.html]
[cash.app/help/31092-bitcoin-order-types.html]
[cash.app/help/31092-order-types.html]
[cash.app/help/3111-routing-and-account-direct-deposit.html]
[cash.app/help/3112-missing-direct-deposit.html]
[cash.app/help/3113-bill-pay.html]
[cash.app/help/31111-setup-direct-deposit.html]
[cash.app/help/5001-what-is-investing.html]
[cash.app/help/5004-investing-fees.html]
[cash.app/help/5003-opening-an-investing-account.html]
[cash.app/help/5006-stock-market-hours.html]
[cash.app/help/5007-buying-stock.html]
[cash.app/help/5010-selling-stock.html]
[cash.app/help/5012-day-trading-limits.html]
[cash.app/help/5013-owning-stocks.html]
[cash.app/help/5015-view-monthly-statements-and-trade-confirmations.html]
[cash.app/help/5017-mergers-stock-splits-and-more.html]
[cash.app/help/5019-stocks--taxes.html]
[cash.app/help/5019-taxes-and-investing.html]
[cash.app/help/5021-security-and-investing.html]
[cash.app/help/5028-order-types.html]
[cash.app/help/5134-understanding-investing-account.html]
[cash.app/help/5135-sec-finra-association.html]
[cash.app/help/5138-stock-update-credit.html]
[cash.app/help/5139-verifying-changes-made-to-your-investing-account.html]
[cash.app/help/5139-verifying-changes-investing-account.html]
[cash.app/help/5140-searching-stock.html]
[cash.app/help/50131-supported-stocks.html]
[cash.app/help/5640-tax-reporting-for-cash-app.html]
[cash.app/help/5641-tax-reporting-with-cash-app-for-business.html]
[cash.app/help/5641-tax-reporting-with-cash-for-business.html]
[cash.app/help/5642-tax-reporting-with-cash-for-business-b-notices.html]
[dka575ofm4ao0.cloudfront.net/packs/191.076d36a21dada6e9b8ca.css]
[dka575ofm4ao0.cloudfront.net/packs/155.076d36a21dada6e9b8ca.css]
[cash.app/help/31111-set-up-direct-deposit.html]
[cash.app/help/us/en-us/64866-features-limits-family-accounts003d.html]
[cash.app/help/5008-schedule-an-order.html]
[cash.app/help/50281-custom-orders.html]
[cash.app/help/5008-auto-invest.html]
[cash.app/help/50283-scheduled-after-hours-orders.html]
[cash.app/help/5135-is-cash-app-investing-llc-registered-with-finra.html]
[cash.app/help/5023-brokerdealer-disclosures.html]
[cash.app/help/5132-how-is-my-stock-registered.html]
[cash.app/help/5133-direct-registration-of-stock.html]
[cash.app/help/64861-the-basics-to-ending-a-sponsorship.html]
[cash.app/help/64862-how-to-buy-and-sell-stocks-with-a-sponsored-account.html]
[cash.app/help/us/en-us/5007-buying-stock.html]
[cash.app/help/us/en-us/5012-day-trading-limits.html]
[cash.app/help/us/en-us/5010-selling-stock.html]
[cash.app/help/us/en-us/64865-Sponsorship-and-taxes.html]
[cash.app/help/64863-how-to-buy-and-sell-bitcoin-with-a-sponsored-account.html]
[cash.app/help/us/en-us/3101-buying-bitcoin.html]
[cash.app/help/us/en-us/3102-selling-bitcoin.html]
[cash.app/help/64864-sponsorship-and-investing.html]
[cash.app/help/64865-sponsorship--taxes.html]
[cash.app/help/us/en-us/3104-bitcoin-taxes.html]
[cash.app/help/us/en-us/5019-taxes-and-investing.html]
[cash.app/help/64867-requesting-sponsorship.html]
[cash.app/help/64869-transaction-restrictions-for-sponsored-accounts.html]
[cash.app/help/309115-dispute-a-cash-app-card-transaction.html]
[cash.app/help/us/en-us/6552-cash-card-dispute-status-and-lifecycle.html]
[cash.app/help/us/en-us/3055-view-account-statements.html]
[cash.app/login97f0.html]
[cash.app/help/31075-outsmart-bitcoin-scams.html]
[cash.app/help/us/en-us/3128-contact-cash-support889a.html]
[cash.app/help/us/en-us/3138-block-someone.html]
[cash.app/help/us/en-us/6544-avoiding-common-scams.html]
[cash.app/exclusives/depop.html]
[cash.app/press/cash-app-teams-up-wnba-all-star-angel-reese.html]
[cash.app/legal/us/en-us/cash-app-depop.html]
[cash.app/press/2024-miami-gp-chameleon-car.html]
[cash.app/press/cash-app-strava-team-up-challenge.html]
[cash.app/press/machine-learning-to-catch-social-media-scammers.html]
[cash.app/launch/taxes/r/estimate-your-refund.html]
[cash.app/how-to-identify-and-prevent-scams.html]
[cash.app/press/cash-app-releases-new-video-doechii-financial-literacy.html]
[cash.app/press/how-ai-driven-scam-warnings-prevent-fraud-cash-app.html]
[cash.app/press/using-ai-identify-fraud.html]
[cash.app/download.html]
[cash.app/help/6536-cash-app-card-transaction-security.html]
[cash.app/help/3137-turn-off-requests.html]
[cash.app/help/3138-block-or-report-an-account.html]
[cash.app/help/gb/1015-account-settings.html]
[cash.app/help/gb.html]
[cash.app/help/gb/en-gb/6482-recognize-scams.html]
[cash.app/help/gb/3120-enable-security-lock.html]
[cash.app/help/gb/3121-reset-cash-pin.html]
[cash.app/help/gb/3122-verify-account.html]
[cash.app/help/us/en-us/5500-investing.html]
[cash.app/legal/es/en-us/www.cash.html]
[cash.app/legal/es/en-us/sign.html]
[cash.app/help/us/en/index.html]
[cash.app/legal/us/en-us/squareippolicy.html]
[cash.app/legal/general/seller-opt-out.html]
[cash.app/login.html]
[cash.app/help/gb/en-GB.html]
[cash.app/help/en-GB/gb/6482-recognize-scams.343.delayed]
[cash.app/help/gb/en-gb/index.html]
[cash.app/help/3132-change-your-cashtag.html]
[cash.app/help/us/en-us/3123-cashtags.html]
[cash.app/help/5504-how-to-claim-a-cashtag.html]
[cash.app/account/documents/account-statements.html]
[cash.app/help/3045-wheres-my-refund.html]
[cash.app/help/5588-supported-cards-with-cash-app.html]
[cash.app/help/3044-deposit-wasnt-instant.html]
[cash.app/help/3071-withdrawal-instructions.html]
[cash.app/account/money.html]
[cash.app/help/us/en-us/3073-cash-out-speed-options.html]
[cash.app/help/3073-withdrawal-transfer-speed-options.html]
[cash.app/help/3076-increase-withdrawal-transfer-speed.html]
[cash.app/help/3077-check-your-withdrawal-transfer-status.html]
[cash.app/launch/activity.html]
[cash.app/help/3080-order-cash-app-card.html]
[cash.app/help/us/en-us/3090-activate-cash-card.html]
[cash.app/help/3081-trouble-signing-up.html]
[cash.app/help/3086-atm-withdrawal-limit.html]
[cash.app/help/3089-get-cash-back-at-stores.html]
[cash.app/help/3090-activate-cash-app-card.html]
[cash.app/help/3091-paying-at-gas-stations.html]
[cash.app/help/3099-cash-app-card-declined.html]
[cash.app/help/11081-design-a-new-cash-app-card.html]
[cash.app/help/30810-apple-pay.html]
[cash.app/help/30811-google-pay.html]
[cash.app/help/110812-blocking-a-business.html]
[cash.app/help/309112-temporarily-lock-my-card.html]
[cash.app/help/309116-unauthorized-payment.html]
[cash.app/help/3122-increase-limits.html]
[cash.app/help/us/en-us/6486-authorized-users-under-18/index.html]
[cash.app/help/6535-why-is-cash-app-asking-to-verify-my-income.html]
[cash.app/help/6549-submit-docs-income-verification.html]
[cash.app/help/6550-accepted-docs-income-verification.html]
[cash.app/help/3093-my-offer-is-missing.html]
[cash.app/help/3094-cash-offer-details.html]
[cash.app/help/3095-choosing-an-offer.html]
[cash.app/help/3096-swapping-offers.html]
[cash.app/help/3097-do-offers-expire.html]
[cash.app/help/3098-cash-offer-limits.html]
[cash.app/help/30971-my-offer-is-locked.html]
[cash.app/help/30981-category-offers.html]
[cash-f.squarecdn.com/web/marketing/78d2b12e5b8e7b77a80b26eb09fa8f4acaf8bc01/_next/static/chunks/pages/bitcoin/my-first-bitcoin-7779509008d38ba4.js]
[use.typekit.net/ezu4elf.css]
[cash-f.squarecdn.com/web/marketing/78d2b12e5b8e7b77a80b26eb09fa8f4acaf8bc01/assets/images/social/twitter-icon.svg]
[cash-f.squarecdn.com/web/marketing/78d2b12e5b8e7b77a80b26eb09fa8f4acaf8bc01/assets/images/social/instagram-icon.svg]
[cash-f.squarecdn.com/web/marketing/78d2b12e5b8e7b77a80b26eb09fa8f4acaf8bc01/assets/images/social/facebook-icon.svg]
[cash.app/bitcoin/my-first-bitcoin.html]
[cash.app/help/3109-bitcoin-custom-orders.html]
[cash.app/help/31091-schedule-automatic-purchases.html]
[cash.app/help/3103-bitcoin-pricing.html]
[cash.app/help/us/en-us/31072-cash-app-bitcoin-operations.html]
[cash.app/help/3104-bitcoin--taxes.html]
[cash.app/help/31042-accessing-your-cash-app-gain-loss-csv.html]
[cash.app/help/3105-bitcoin--security.html]
[cash.app/help/3106-bitcoin-withdrawals.html]
[cash.app/help/31075-Bitcoin_scams.html]
[cash.app/help/20211114-bitcoin-taproot-upgrade.html]
[cash.app/help/3107-deposit-bitcoin.html]
[cash.app/help/31071-bitcoin-addresses.html]
[cash.app/help/6506-lightning.html]
[cash.app/help/us/en-us/1016-bitcoin.html]
[cash.app/help/31072-a-look-into-cash-apps-bitcoin-operations.html]
[cash.app/help/us/en-us/3106-bitcoin-withdrawal-instructions.html]
[cash.app/help/US/EN-US/6506-bitcoin-lightning.html]
[cash.app/help/31073-bitcoin-conversions--cash-app.html]
[cash.app/help/31092-order-types.html]
[cash.app/help/3111-direct-deposit-account--routing-numbers.html]
[cash.app/help/3112-direct-deposit-timing.html]
[cash.app/help/3113-paying-bills.html]
[cash.app/help/5002-stock-price-fluctuations.html]
[cash.app/help/5004-investing-fees.html]
[cash.app/help/5029-how-to-add-trusted-contact.html]
[cash.app/help/5031-adding-a-beneficiary-or-trusted-contact-to-your-investing-account.html]
[cash.app/help/50031-cash-app-investing-email-address-requirements.html]
[cash.app/help/5009-cancel-an-order.html]
[cash.app/help/50071-investing-buy-limits.html]
[cash.app/help/5011-selling-limits.html]
[cash.app/help/5012-day-trading-limits.html]
[cash.app/help/5014-view-stock-details.html]
[cash.app/help/50133-berkshire-hathaway-class-a-transition.html]
[cash.app/help/5015-view-monthly-investing-statements--trade-confirmations.html]
[cash.app/account/documents/stocks.html]
[cash.app/help/5017-mergers-stock-splits--more.html]
[cash.app/help/120320-otc-120320.html]
[cash.app/help/061726-srne-sclx-stock-dividend.html]
[cash.app/help/5019-stocks--taxes.html]
[cash.app/help/us/en-us/5015-view-monthly-statements-and-trade-confirmations.html]
[cash.app/help/us/en-us/5023-broker-dealer-disclosures.html]
[cash.app/help/5021-security--investing.html]
[cash.app/help/5022-cyber-security.html]
[cash.app/help/5138-why-did-i-receive-a-stock-update-credit.html]
[cash.app/help/5139-verifying-changes-made-to-your-investing-account.html]
[cash.app/help/US/EN-US/5642-tax-reporting-with-cash-for-business-b-notices.html]
[cash.app/help/5140-searching-stocks.html]
[cash.app/help/50131-supported-stocks-and-etfs.html]
[cash.app/help/us/en-us/5140-searching-stock.html]
[cash.app/help/us/en-us/50132-unsupported-stocks.html]
[cash.app/help/5641-tax-reporting-with-cash-app-for-business.html]
[cash.app/help/6499-tax-reporting-1099kfaq.html]
[cash.app/help/6524-form-1099k-qualifications.html]
[cash.app/help/6525-update-business-taxpayer-information.html]
[cash.app/help/6526-mixed-use-tax-reporting.html]
[cash.app/help/6541-download-form-1099k.html]
[cash.app/help/5642-bnotices-from-cash-app.html]
[cash.app/help/5008-auto-invest.html]
[cash.app/help/50283-scheduled-after-hours-order.html]
[cash.app/help/5133-direct-registration-of-stock-drs.html]
[cash.app/help/US/en-us/5132-how-is-my-stock-registered.html]
[cash.app/help/gb/en-GB.html]
[cash.app/help/en-GB/gb.html]
[cash.app/help/en-GB/gb/3123-verified-cashtags.html]
[cash.app/help/en-GB/gb/3051-cancel-a-payment.html]
[cash.app/help/en-GB/gb/3121-reset-cash-pin.html]
[cash.app/help/en-GB/gb/5144-cash-app-security.html]
[cash.app/help/en-GB/gb/6482-recognize-scams.html]
[cash.app/help/en-GB/gb/3127-keeping-your-cash-app-secure.html]
[cash.app/help/en-GB/gb/1111-receiving-a-payment.html]
[cash.app/help/en-GB/gb/1105-sending-a-payment.html]
[cash.app/help/en-GB/gb/1012-cash-out.html]
[cash.app/help/en-GB/gb/1015-account-settings.html]
[cash.app/help/en-GB/gb/3124-cash-refer-friends.html]
[use.typekit.net/af/6c275f/00000000000000003b9b00c6/27/le265]
[use.typekit.net/af/6c275f/00000000000000003b9b00c6/27/de265]
[use.typekit.net/af/6c275f/00000000000000003b9b00c6/27/ae265]
[use.typekit.net/af/5cace6/00000000000000003b9b00c2/27/lfdcc]
[use.typekit.net/af/5cace6/00000000000000003b9b00c2/27/dfdcc]
[use.typekit.net/af/5cace6/00000000000000003b9b00c2/27/afdcc]
[use.typekit.net/af/2011b6/00000000000000003b9b00c1/27/le196]
[use.typekit.net/af/2011b6/00000000000000003b9b00c1/27/de196]
[use.typekit.net/ezu4elf.css]
[cash-f.squarecdn.com/web/marketing/78d2b12e5b8e7b77a80b26eb09fa8f4acaf8bc01/assets/images/social/twitter-icon.svg]
[cash-f.squarecdn.com/web/marketing/78d2b12e5b8e7b77a80b26eb09fa8f4acaf8bc01/assets/images/social/instagram-icon.svg]
[cash-f.squarecdn.com/web/marketing/78d2b12e5b8e7b77a80b26eb09fa8f4acaf8bc01/assets/images/social/facebook-icon.svg]
[p.typekit.net/p8605.css]
[use.typekit.net/af/2011b6/00000000000000003b9b00c1/27/ae196]
